[{"player_name":"Wellington, Jighere","wins":10,"games":12,"spread":747,"tournaments_played":1,"rank":1},{"player_name":"Victor, Godwin","wins":9,"games":12,"spread":655,"tournaments_played":1,"rank":2},{"player_name":"Umujose, Emmanuel","wins":9,"games":12,"spread":454,"tournaments_played":1,"rank":3},{"player_name":"Oshodi, Sunday","wins":8.5,"games":12,"spread":106,"tournaments_played":1,"rank":4},{"player_name":"Nwali, Enoch","wins":8,"games":12,"spread":775,"tournaments_played":1,"rank":5},{"player_name":"Ryan, Jacob","wins":8,"games":12,"spread":697,"tournaments_played":1,"rank":6},{"player_name":"Etim, Nsikak","wins":8,"games":12,"spread":639,"tournaments_played":1,"rank":7},{"player_name":"Avwenagha, Oshevire","wins":8,"games":12,"spread":636,"tournaments_played":1,"rank":8},{"player_name":"Quickpen, Ben","wins":8,"games":12,"spread":485,"tournaments_played":1,"rank":9},{"player_name":"Igali, Precious","wins":8,"games":12,"spread":481,"tournaments_played":1,"rank":10},{"player_name":"Faloye, Ibukun","wins":8,"games":12,"spread":480,"tournaments_played":1,"rank":11},{"player_name":"Okiemute, Tega","wins":8,"games":12,"spread":460,"tournaments_played":1,"rank":12},{"player_name":"Ezinore, George","wins":8,"games":12,"spread":299,"tournaments_played":1,"rank":13},{"player_name":"Ofidi, Emmanuel","wins":8,"games":12,"spread":137,"tournaments_played":1,"rank":14},{"player_name":"Oduwole, Olatunde","wins":8,"games":12,"spread":93,"tournaments_played":1,"rank":15},{"player_name":"Gbaraba, Raymond","wins":7,"games":12,"spread":544,"tournaments_played":1,"rank":16},{"player_name":"Olaribigbe, Hakeem","wins":7,"games":12,"spread":421,"tournaments_played":1,"rank":17},{"player_name":"Mayuku, Tuoyo","wins":7,"games":12,"spread":351,"tournaments_played":1,"rank":18},{"player_name":"Karo, Eta","wins":7,"games":12,"spread":345,"tournaments_played":1,"rank":19},{"player_name":"Ogbakpa, Rex","wins":7,"games":12,"spread":324,"tournaments_played":1,"rank":20},{"player_name":"Eniekebi, Ezekiel","wins":7,"games":12,"spread":273,"tournaments_played":1,"rank":21},{"player_name":"Munanyo, Vincent","wins":7,"games":12,"spread":253,"tournaments_played":1,"rank":22},{"player_name":"Adebola, Samuel","wins":7,"games":12,"spread":61,"tournaments_played":1,"rank":23},{"player_name":"Aniso, Joseph","wins":7,"games":12,"spread":-45,"tournaments_played":1,"rank":24},{"player_name":"Peter, Moses","wins":7,"games":12,"spread":-122,"tournaments_played":1,"rank":25},{"player_name":"Oguntade, Oluwasogo","wins":7,"games":12,"spread":-150,"tournaments_played":1,"rank":26},{"player_name":"Ojior, Osikhena","wins":7,"games":12,"spread":-156,"tournaments_played":1,"rank":27},{"player_name":"Woko, Timi","wins":6,"games":12,"spread":56,"tournaments_played":1,"rank":28},{"player_name":"Jimoh, Abdulmumeen","wins":6,"games":12,"spread":52,"tournaments_played":1,"rank":29},{"player_name":"Onoshevwe, Noble","wins":6,"games":12,"spread":20,"tournaments_played":1,"rank":30},{"player_name":"Tayo, Dayo","wins":6,"games":12,"spread":15,"tournaments_played":1,"rank":31},{"player_name":"Etuwa, Larry","wins":6,"games":12,"spread":6,"tournaments_played":1,"rank":32},{"player_name":"Gbadebo, Olufemi","wins":6,"games":12,"spread":-10,"tournaments_played":1,"rank":33},{"player_name":"Igbinadolor, Negro","wins":6,"games":12,"spread":-51,"tournaments_played":1,"rank":34},{"player_name":"Iyanam, Nsikan","wins":6,"games":12,"spread":-192,"tournaments_played":1,"rank":35},{"player_name":"Odok, Anthony","wins":6,"games":12,"spread":-247,"tournaments_played":1,"rank":36},{"player_name":"Ebomah, Peter","wins":6,"games":12,"spread":-766,"tournaments_played":1,"rank":37},{"player_name":"Curtis, John","wins":5,"games":12,"spread":70,"tournaments_played":1,"rank":38},{"player_name":"Alli, Oyebola","wins":5,"games":12,"spread":-40,"tournaments_played":1,"rank":39},{"player_name":"Ewruje, James","wins":5,"games":12,"spread":-129,"tournaments_played":1,"rank":40},{"player_name":"Oyadiran, Olabiyi","wins":5,"games":12,"spread":-155,"tournaments_played":1,"rank":41},{"player_name":"Esan, Dokun","wins":5,"games":12,"spread":-164,"tournaments_played":1,"rank":42},{"player_name":"Omosefe, Prince","wins":5,"games":12,"spread":-200,"tournaments_played":1,"rank":43},{"player_name":"Oloro, Opeyemi","wins":5,"games":12,"spread":-261,"tournaments_played":1,"rank":44},{"player_name":"Aiyedun, John","wins":5,"games":12,"spread":-293,"tournaments_played":1,"rank":45},{"player_name":"Thorpe, Chinedu","wins":5,"games":12,"spread":-311,"tournaments_played":1,"rank":46},{"player_name":"Nnamani, Chris","wins":5,"games":12,"spread":-435,"tournaments_played":1,"rank":47},{"player_name":"Ikekeregor, Dennis","wins":4.5,"games":12,"spread":-826,"tournaments_played":1,"rank":48},{"player_name":"Agbajor, Bawo","wins":4,"games":12,"spread":-69,"tournaments_played":1,"rank":49},{"player_name":"Doko, Timilehin","wins":4,"games":12,"spread":-150,"tournaments_played":1,"rank":50},{"player_name":"Alhassan, Pius","wins":4,"games":12,"spread":-171,"tournaments_played":1,"rank":51},{"player_name":"Alagbada, Babajide","wins":4,"games":12,"spread":-501,"tournaments_played":1,"rank":52},{"player_name":"Ikolo, Anthony","wins":4,"games":12,"spread":-564,"tournaments_played":1,"rank":53},{"player_name":"Okorodas, Preye","wins":3,"games":12,"spread":-275,"tournaments_played":1,"rank":54},{"player_name":"Edewor, Bobor","wins":3,"games":12,"spread":-351,"tournaments_played":1,"rank":55},{"player_name":"Idahosa, Bright","wins":3,"games":12,"spread":-467,"tournaments_played":1,"rank":56},{"player_name":"Jimoh, Saheed","wins":3,"games":12,"spread":-505,"tournaments_played":1,"rank":57},{"player_name":"Ikpere, Sylvanus","wins":2,"games":12,"spread":-554,"tournaments_played":1,"rank":58},{"player_name":"Ewarah, Squiz","wins":2,"games":12,"spread":-1048,"tournaments_played":1,"rank":59},{"player_name":"Raji, Kazeem","wins":1,"games":12,"spread":-727,"tournaments_played":1,"rank":60}]